C51 COMPILER V9.52.0.0   MAIN                                                              04/24/2022 11:14:56 PAGE 1   


C51 COMPILER V9.52.0.0, COMPILATION OF MODULE MAIN
OBJECT MODULE PLACED IN .\list\main.obj
COMPILER INVOKED BY: C:\Keil_v4\C51\BIN\C51.EXE main.c LARGE BROWSE INCDIR(.\delay;.\GPIO;.\LED;.\OLED;.\Gyro;.\Uart1;.\
                    -STEP_MOTOR;.\TRAFFIC_LIGHT;.\delay;.\PULSE;.\KEY;.\MKEY;.\BMKEY;.\YBUZZER;.\WBUZZER;.\ONELED;.\FOURLED;.\88ELED;.\1616EL
                    -ED;.\LCD1602;.\LCD12864;.\LCDTFT;.\SPI;.\STMP_MOTO;.\DCMOTO;.\REMOTO) PRINT(.\list\main.lst) TABS(2) OBJECT(.\list\main.
                    -obj)

line level    source

   1          #include "config.h"
   2          #include "GPIO.h"
   3          #include "LED.h"
   4          #include "delay.h"
   5          #include "PULSE_IN_BIT_OUT.h"
   6          #include "KEY.h"
   7          #include "MKEY.h"
   8          #include "BMKEY.h"
   9          #include "YBUZZER.h"
  10          #include "WBUZZER.h"
  11          #include "ONELED.h"
  12          #include "FOURLED.h"
  13          #include "LED88.h"
  14          #include "LED1616.h"
  15          #include "LCD1602.h"
  16          #include "stdio.h"
  17          #include "LCD12864.h"
  18          #include "SPI_WS.h"
  19          #include "LCDTFT.h"
  20          #include "STMP_MOTO.h"
  21          #include "DCMOTO.h"
  22          #include "REMOTO.h"
  23          void main(void)
  24          {
  25   1      
  26   1        Special_IO_Init();    //特殊端口初始化函数
  27   1        
  28   1        REMOTO_GPIO_config();
  29   1        Time1_16_Config_Init_1();
  30   1        EA =1;
  31   1        while(1)              //循环
  32   1        {
  33   2          ServoHighPulse += 50;
  34   2          delay_ms(1000);
  35   2          delay_ms(1000);
  36   2          delay_ms(1000);
  37   2          delay_ms(1000);
  38   2          
  39   2        }
  40   1      }
  41          


MODULE INFORMATION:   STATIC OVERLAYABLE
   CODE SIZE        =     55    ----
   CONSTANT SIZE    =   ----    ----
   XDATA SIZE       =   ----    ----
   PDATA SIZE       =   ----    ----
   DATA SIZE        =   ----    ----
   IDATA SIZE       =   ----    ----
   BIT SIZE         =   ----    ----
END OF MODULE INFORMATION.

C51 COMPILER V9.52.0.0   MAIN                                                              04/24/2022 11:14:56 PAGE 2   


C51 COMPILATION COMPLETE.  0 WARNING(S),  0 ERROR(S)
