C51 COMPILER V9.60.0.0   KEY                                                               06/02/2022 20:42:35 PAGE 1   


C51 COMPILER V9.60.0.0, COMPILATION OF MODULE KEY
OBJECT MODULE PLACED IN .\list\KEY.obj
COMPILER INVOKED BY: D:\STM32\C51\BIN\C51.EXE KEY\KEY.c LARGE OPTIMIZE(8,SPEED) BROWSE INCDIR(.\delay;.\GPIO;.\LED;.\OLE
                    -D;.\Gyro;.\Uart1;.\STEP_MOTOR;.\TRAFFIC_LIGHT;.\delay;.\PULSE;.\KEY;.\MKEY;.\BMKEY;.\YBUZZER;.\WBUZZER;.\ONELED;.\FOURLE
                    -D;.\88ELED;.\1616ELED;.\LCD1602;.\LCD12864;.\LCDTFT;.\SPI;.\STMP_MOTO;.\DCMOTO) DEBUG OBJECTEXTEND PRINT(.\list\KEY.lst)
                    - TABS(2) OBJECT(.\list\KEY.obj)

line level    source

   1          #include "KEY.h"
   2          /*********************************************************************
   3          文件名称：LED.h
   4          版    本：V1.0
   5          说    明：LED相关函数功能文件
   6          修改记录：2021-11-11
   7          *********************************************************************/
   8          
   9          /*********************************************************************
  10          函数原型：void LED_GPIO_config(void)
  11          函数功能：LED端口初始化函数
  12          输入参数：无
  13          输出参数：无
  14          *********************************************************************/
  15          void  KEY_GPIO_config(void)
  16          {
  17   1        GPIO_InitTypeDef  GPIO_InitStructure;     //结构定义
  18   1        GPIO_InitStructure.Mode = GPIO_OUT_PP;    //指定IO的输入或输出方式,GPIO_PullUp,GPIO_HighZ,GPIO_OUT_OD,GPIO_
             -OUT_PP
  19   1        
  20   1        GPIO_InitStructure.Pin  = GPIO_Pin_2;     //指定要初始化的IO, GPIO_Pin_7, 或操作
  21   1        GPIO_Inilize(GPIO_P3, &GPIO_InitStructure); //初始化
  22   1      }
  23          
  24          
  25          
  26          


MODULE INFORMATION:   STATIC OVERLAYABLE
   CODE SIZE        =     20    ----
   CONSTANT SIZE    =   ----    ----
   XDATA SIZE       =   ----       2
   PDATA SIZE       =   ----    ----
   DATA SIZE        =   ----    ----
   IDATA SIZE       =   ----    ----
   BIT SIZE         =   ----    ----
END OF MODULE INFORMATION.


C51 COMPILATION COMPLETE.  0 WARNING(S),  0 ERROR(S)
